INFO 2026-03-30 23:11:37,691 autoreload 38644 35100 Watching for file changes with StatReloader
INFO 2026-03-30 23:11:40,543 basehttp 38644 33852 "GET / HTTP/1.1" 302 0
INFO 2026-03-30 23:11:40,571 basehttp 38644 33852 "GET /accounts/login/?next=/ HTTP/1.1" 200 5238
INFO 2026-03-30 23:11:40,836 basehttp 38644 33852 "GET /static/css/style.css HTTP/1.1" 200 7072
INFO 2026-03-30 23:11:40,839 basehttp 38644 12400 "GET /static/js/main.js HTTP/1.1" 200 6782
WARNING 2026-03-30 23:11:41,383 log 38644 12400 Not Found: /favicon.ico
WARNING 2026-03-30 23:11:41,384 basehttp 38644 12400 "GET /favicon.ico HTTP/1.1" 404 5985
INFO 2026-03-30 23:11:48,239 basehttp 38644 12400 "GET /register/ HTTP/1.1" 200 6052
INFO 2026-03-30 23:11:59,761 basehttp 38644 12400 "POST /register/ HTTP/1.1" 302 0
INFO 2026-03-30 23:11:59,767 basehttp 38644 12400 "GET /accounts/login/ HTTP/1.1" 200 5657
INFO 2026-03-30 23:12:07,907 basehttp 38644 12400 "POST /accounts/login/ HTTP/1.1" 302 0
ERROR 2026-03-30 23:12:08,123 log 38644 12400 Internal Server Error: /
Traceback (most recent call last):
  File "C:\Users\nampally janusha\AppData\Local\Programs\Python\Python310\lib\site-packages\django\db\backends\utils.py", line 105, in _execute
    return self.cursor.execute(sql, params)
  File "C:\Users\nampally janusha\AppData\Local\Programs\Python\Python310\lib\site-packages\django\db\backends\sqlite3\base.py", line 354, in execute
    return super().execute(query, params)
sqlite3.OperationalError: no such table: applications_jobapplication

The above exception was the direct cause of the following exception:

Traceback (most recent call last):
  File "C:\Users\nampally janusha\AppData\Local\Programs\Python\Python310\lib\site-packages\django\core\handlers\exception.py", line 55, in inner
    response = get_response(request)
  File "C:\Users\nampally janusha\AppData\Local\Programs\Python\Python310\lib\site-packages\django\core\handlers\base.py", line 197, in _get_response
    response = wrapped_callback(request, *callback_args, **callback_kwargs)
  File "C:\Users\nampally janusha\AppData\Local\Programs\Python\Python310\lib\site-packages\django\contrib\auth\decorators.py", line 60, in _view_wrapper
    return view_func(request, *args, **kwargs)
  File "C:\Users\nampally janusha\OneDrive - K L University\Desktop\projects\job_application_tracker\applications\views.py", line 27, in dashboard
    total_applications = user_applications.count()
  File "C:\Users\nampally janusha\AppData\Local\Programs\Python\Python310\lib\site-packages\django\db\models\query.py", line 620, in count
    return self.query.get_count(using=self.db)
  File "C:\Users\nampally janusha\AppData\Local\Programs\Python\Python310\lib\site-packages\django\db\models\sql\query.py", line 630, in get_count
    return obj.get_aggregation(using, {"__count": Count("*")})["__count"]
  File "C:\Users\nampally janusha\AppData\Local\Programs\Python\Python310\lib\site-packages\django\db\models\sql\query.py", line 616, in get_aggregation
    result = compiler.execute_sql(SINGLE)
  File "C:\Users\nampally janusha\AppData\Local\Programs\Python\Python310\lib\site-packages\django\db\models\sql\compiler.py", line 1574, in execute_sql
    cursor.execute(sql, params)
  File "C:\Users\nampally janusha\AppData\Local\Programs\Python\Python310\lib\site-packages\django\db\backends\utils.py", line 122, in execute
    return super().execute(sql, params)
  File "C:\Users\nampally janusha\AppData\Local\Programs\Python\Python310\lib\site-packages\django\db\backends\utils.py", line 79, in execute
    return self._execute_with_wrappers(
  File "C:\Users\nampally janusha\AppData\Local\Programs\Python\Python310\lib\site-packages\django\db\backends\utils.py", line 92, in _execute_with_wrappers
    return executor(sql, params, many, context)
  File "C:\Users\nampally janusha\AppData\Local\Programs\Python\Python310\lib\site-packages\django\db\backends\utils.py", line 100, in _execute
    with self.db.wrap_database_errors:
  File "C:\Users\nampally janusha\AppData\Local\Programs\Python\Python310\lib\site-packages\django\db\utils.py", line 91, in __exit__
    raise dj_exc_value.with_traceback(traceback) from exc_value
  File "C:\Users\nampally janusha\AppData\Local\Programs\Python\Python310\lib\site-packages\django\db\backends\utils.py", line 105, in _execute
    return self.cursor.execute(sql, params)
  File "C:\Users\nampally janusha\AppData\Local\Programs\Python\Python310\lib\site-packages\django\db\backends\sqlite3\base.py", line 354, in execute
    return super().execute(query, params)
django.db.utils.OperationalError: no such table: applications_jobapplication
ERROR 2026-03-30 23:12:08,136 basehttp 38644 12400 "GET / HTTP/1.1" 500 140680
INFO 2026-03-30 23:12:39,988 basehttp 38644 12400 "GET /accounts/login/ HTTP/1.1" 200 6448
ERROR 2026-03-30 23:12:42,100 log 38644 12400 Internal Server Error: /
Traceback (most recent call last):
  File "C:\Users\nampally janusha\AppData\Local\Programs\Python\Python310\lib\site-packages\django\db\backends\utils.py", line 105, in _execute
    return self.cursor.execute(sql, params)
  File "C:\Users\nampally janusha\AppData\Local\Programs\Python\Python310\lib\site-packages\django\db\backends\sqlite3\base.py", line 354, in execute
    return super().execute(query, params)
sqlite3.OperationalError: no such table: applications_jobapplication

The above exception was the direct cause of the following exception:

Traceback (most recent call last):
  File "C:\Users\nampally janusha\AppData\Local\Programs\Python\Python310\lib\site-packages\django\core\handlers\exception.py", line 55, in inner
    response = get_response(request)
  File "C:\Users\nampally janusha\AppData\Local\Programs\Python\Python310\lib\site-packages\django\core\handlers\base.py", line 197, in _get_response
    response = wrapped_callback(request, *callback_args, **callback_kwargs)
  File "C:\Users\nampally janusha\AppData\Local\Programs\Python\Python310\lib\site-packages\django\contrib\auth\decorators.py", line 60, in _view_wrapper
    return view_func(request, *args, **kwargs)
  File "C:\Users\nampally janusha\OneDrive - K L University\Desktop\projects\job_application_tracker\applications\views.py", line 27, in dashboard
    total_applications = user_applications.count()
  File "C:\Users\nampally janusha\AppData\Local\Programs\Python\Python310\lib\site-packages\django\db\models\query.py", line 620, in count
    return self.query.get_count(using=self.db)
  File "C:\Users\nampally janusha\AppData\Local\Programs\Python\Python310\lib\site-packages\django\db\models\sql\query.py", line 630, in get_count
    return obj.get_aggregation(using, {"__count": Count("*")})["__count"]
  File "C:\Users\nampally janusha\AppData\Local\Programs\Python\Python310\lib\site-packages\django\db\models\sql\query.py", line 616, in get_aggregation
    result = compiler.execute_sql(SINGLE)
  File "C:\Users\nampally janusha\AppData\Local\Programs\Python\Python310\lib\site-packages\django\db\models\sql\compiler.py", line 1574, in execute_sql
    cursor.execute(sql, params)
  File "C:\Users\nampally janusha\AppData\Local\Programs\Python\Python310\lib\site-packages\django\db\backends\utils.py", line 122, in execute
    return super().execute(sql, params)
  File "C:\Users\nampally janusha\AppData\Local\Programs\Python\Python310\lib\site-packages\django\db\backends\utils.py", line 79, in execute
    return self._execute_with_wrappers(
  File "C:\Users\nampally janusha\AppData\Local\Programs\Python\Python310\lib\site-packages\django\db\backends\utils.py", line 92, in _execute_with_wrappers
    return executor(sql, params, many, context)
  File "C:\Users\nampally janusha\AppData\Local\Programs\Python\Python310\lib\site-packages\django\db\backends\utils.py", line 100, in _execute
    with self.db.wrap_database_errors:
  File "C:\Users\nampally janusha\AppData\Local\Programs\Python\Python310\lib\site-packages\django\db\utils.py", line 91, in __exit__
    raise dj_exc_value.with_traceback(traceback) from exc_value
  File "C:\Users\nampally janusha\AppData\Local\Programs\Python\Python310\lib\site-packages\django\db\backends\utils.py", line 105, in _execute
    return self.cursor.execute(sql, params)
  File "C:\Users\nampally janusha\AppData\Local\Programs\Python\Python310\lib\site-packages\django\db\backends\sqlite3\base.py", line 354, in execute
    return super().execute(query, params)
django.db.utils.OperationalError: no such table: applications_jobapplication
ERROR 2026-03-30 23:12:42,104 basehttp 38644 12400 "GET / HTTP/1.1" 500 140543
INFO 2026-03-30 23:12:44,352 basehttp 38644 12400 "GET /accounts/login/ HTTP/1.1" 200 6448
ERROR 2026-03-30 23:12:45,844 log 38644 12400 Internal Server Error: /applications/
Traceback (most recent call last):
  File "C:\Users\nampally janusha\AppData\Local\Programs\Python\Python310\lib\site-packages\django\db\backends\utils.py", line 105, in _execute
    return self.cursor.execute(sql, params)
  File "C:\Users\nampally janusha\AppData\Local\Programs\Python\Python310\lib\site-packages\django\db\backends\sqlite3\base.py", line 354, in execute
    return super().execute(query, params)
sqlite3.OperationalError: no such table: applications_jobapplication

The above exception was the direct cause of the following exception:

Traceback (most recent call last):
  File "C:\Users\nampally janusha\AppData\Local\Programs\Python\Python310\lib\site-packages\django\core\handlers\exception.py", line 55, in inner
    response = get_response(request)
  File "C:\Users\nampally janusha\AppData\Local\Programs\Python\Python310\lib\site-packages\django\core\handlers\base.py", line 197, in _get_response
    response = wrapped_callback(request, *callback_args, **callback_kwargs)
  File "C:\Users\nampally janusha\AppData\Local\Programs\Python\Python310\lib\site-packages\django\views\generic\base.py", line 104, in view
    return self.dispatch(request, *args, **kwargs)
  File "C:\Users\nampally janusha\AppData\Local\Programs\Python\Python310\lib\site-packages\django\contrib\auth\mixins.py", line 73, in dispatch
    return super().dispatch(request, *args, **kwargs)
  File "C:\Users\nampally janusha\AppData\Local\Programs\Python\Python310\lib\site-packages\django\views\generic\base.py", line 143, in dispatch
    return handler(request, *args, **kwargs)
  File "C:\Users\nampally janusha\AppData\Local\Programs\Python\Python310\lib\site-packages\django\views\generic\list.py", line 174, in get
    context = self.get_context_data()
  File "C:\Users\nampally janusha\OneDrive - K L University\Desktop\projects\job_application_tracker\applications\views.py", line 170, in get_context_data
    context = super().get_context_data(**kwargs)
  File "C:\Users\nampally janusha\AppData\Local\Programs\Python\Python310\lib\site-packages\django\views\generic\list.py", line 128, in get_context_data
    paginator, page, queryset, is_paginated = self.paginate_queryset(
  File "C:\Users\nampally janusha\AppData\Local\Programs\Python\Python310\lib\site-packages\django\views\generic\list.py", line 73, in paginate_queryset
    page = paginator.page(page_number)
  File "C:\Users\nampally janusha\AppData\Local\Programs\Python\Python310\lib\site-packages\django\core\paginator.py", line 89, in page
    number = self.validate_number(number)
  File "C:\Users\nampally janusha\AppData\Local\Programs\Python\Python310\lib\site-packages\django\core\paginator.py", line 70, in validate_number
    if number > self.num_pages:
  File "C:\Users\nampally janusha\AppData\Local\Programs\Python\Python310\lib\site-packages\django\utils\functional.py", line 47, in __get__
    res = instance.__dict__[self.name] = self.func(instance)
  File "C:\Users\nampally janusha\AppData\Local\Programs\Python\Python310\lib\site-packages\django\core\paginator.py", line 116, in num_pages
    if self.count == 0 and not self.allow_empty_first_page:
  File "C:\Users\nampally janusha\AppData\Local\Programs\Python\Python310\lib\site-packages\django\utils\functional.py", line 47, in __get__
    res = instance.__dict__[self.name] = self.func(instance)
  File "C:\Users\nampally janusha\AppData\Local\Programs\Python\Python310\lib\site-packages\django\core\paginator.py", line 110, in count
    return c()
  File "C:\Users\nampally janusha\AppData\Local\Programs\Python\Python310\lib\site-packages\django\db\models\query.py", line 620, in count
    return self.query.get_count(using=self.db)
  File "C:\Users\nampally janusha\AppData\Local\Programs\Python\Python310\lib\site-packages\django\db\models\sql\query.py", line 630, in get_count
    return obj.get_aggregation(using, {"__count": Count("*")})["__count"]
  File "C:\Users\nampally janusha\AppData\Local\Programs\Python\Python310\lib\site-packages\django\db\models\sql\query.py", line 616, in get_aggregation
    result = compiler.execute_sql(SINGLE)
  File "C:\Users\nampally janusha\AppData\Local\Programs\Python\Python310\lib\site-packages\django\db\models\sql\compiler.py", line 1574, in execute_sql
    cursor.execute(sql, params)
  File "C:\Users\nampally janusha\AppData\Local\Programs\Python\Python310\lib\site-packages\django\db\backends\utils.py", line 122, in execute
    return super().execute(sql, params)
  File "C:\Users\nampally janusha\AppData\Local\Programs\Python\Python310\lib\site-packages\django\db\backends\utils.py", line 79, in execute
    return self._execute_with_wrappers(
  File "C:\Users\nampally janusha\AppData\Local\Programs\Python\Python310\lib\site-packages\django\db\backends\utils.py", line 92, in _execute_with_wrappers
    return executor(sql, params, many, context)
  File "C:\Users\nampally janusha\AppData\Local\Programs\Python\Python310\lib\site-packages\django\db\backends\utils.py", line 100, in _execute
    with self.db.wrap_database_errors:
  File "C:\Users\nampally janusha\AppData\Local\Programs\Python\Python310\lib\site-packages\django\db\utils.py", line 91, in __exit__
    raise dj_exc_value.with_traceback(traceback) from exc_value
  File "C:\Users\nampally janusha\AppData\Local\Programs\Python\Python310\lib\site-packages\django\db\backends\utils.py", line 105, in _execute
    return self.cursor.execute(sql, params)
  File "C:\Users\nampally janusha\AppData\Local\Programs\Python\Python310\lib\site-packages\django\db\backends\sqlite3\base.py", line 354, in execute
    return super().execute(query, params)
django.db.utils.OperationalError: no such table: applications_jobapplication
ERROR 2026-03-30 23:12:45,852 basehttp 38644 12400 "GET /applications/ HTTP/1.1" 500 187771
INFO 2026-03-30 23:12:46,668 basehttp 38644 12400 "GET /accounts/login/ HTTP/1.1" 200 6448
INFO 2026-03-30 23:14:22,328 basehttp 38644 12400 "GET / HTTP/1.1" 200 16590
INFO 2026-03-30 23:14:22,369 basehttp 38644 33852 "GET /static/js/main.js HTTP/1.1" 304 0
INFO 2026-03-30 23:14:22,369 basehttp 38644 12400 "GET /static/css/style.css HTTP/1.1" 304 0
INFO 2026-03-30 23:14:29,820 basehttp 38644 33852 "GET /applications/ HTTP/1.1" 200 10707
ERROR 2026-03-30 23:14:31,241 log 38644 33852 Internal Server Error: /analytics/
Traceback (most recent call last):
  File "C:\Users\nampally janusha\AppData\Local\Programs\Python\Python310\lib\site-packages\django\core\handlers\exception.py", line 55, in inner
    response = get_response(request)
  File "C:\Users\nampally janusha\AppData\Local\Programs\Python\Python310\lib\site-packages\django\core\handlers\base.py", line 197, in _get_response
    response = wrapped_callback(request, *callback_args, **callback_kwargs)
  File "C:\Users\nampally janusha\AppData\Local\Programs\Python\Python310\lib\site-packages\django\contrib\auth\decorators.py", line 60, in _view_wrapper
    return view_func(request, *args, **kwargs)
  File "C:\Users\nampally janusha\OneDrive - K L University\Desktop\projects\job_application_tracker\applications\views.py", line 127, in analytics
    return render(request, 'applications/analytics.html', context)
  File "C:\Users\nampally janusha\AppData\Local\Programs\Python\Python310\lib\site-packages\django\shortcuts.py", line 25, in render
    content = loader.render_to_string(template_name, context, request, using=using)
  File "C:\Users\nampally janusha\AppData\Local\Programs\Python\Python310\lib\site-packages\django\template\loader.py", line 61, in render_to_string
    template = get_template(template_name, using=using)
  File "C:\Users\nampally janusha\AppData\Local\Programs\Python\Python310\lib\site-packages\django\template\loader.py", line 15, in get_template
    return engine.get_template(template_name)
  File "C:\Users\nampally janusha\AppData\Local\Programs\Python\Python310\lib\site-packages\django\template\backends\django.py", line 79, in get_template
    return Template(self.engine.get_template(template_name), self)
  File "C:\Users\nampally janusha\AppData\Local\Programs\Python\Python310\lib\site-packages\django\template\engine.py", line 177, in get_template
    template, origin = self.find_template(template_name)
  File "C:\Users\nampally janusha\AppData\Local\Programs\Python\Python310\lib\site-packages\django\template\engine.py", line 159, in find_template
    template = loader.get_template(name, skip=skip)
  File "C:\Users\nampally janusha\AppData\Local\Programs\Python\Python310\lib\site-packages\django\template\loaders\cached.py", line 57, in get_template
    template = super().get_template(template_name, skip)
  File "C:\Users\nampally janusha\AppData\Local\Programs\Python\Python310\lib\site-packages\django\template\loaders\base.py", line 28, in get_template
    return Template(
  File "C:\Users\nampally janusha\AppData\Local\Programs\Python\Python310\lib\site-packages\django\template\base.py", line 154, in __init__
    self.nodelist = self.compile_nodelist()
  File "C:\Users\nampally janusha\AppData\Local\Programs\Python\Python310\lib\site-packages\django\template\base.py", line 196, in compile_nodelist
    nodelist = parser.parse()
  File "C:\Users\nampally janusha\AppData\Local\Programs\Python\Python310\lib\site-packages\django\template\base.py", line 518, in parse
    raise self.error(token, e)
  File "C:\Users\nampally janusha\AppData\Local\Programs\Python\Python310\lib\site-packages\django\template\base.py", line 516, in parse
    compiled_result = compile_func(self, token)
  File "C:\Users\nampally janusha\AppData\Local\Programs\Python\Python310\lib\site-packages\django\template\loader_tags.py", line 295, in do_extends
    nodelist = parser.parse()
  File "C:\Users\nampally janusha\AppData\Local\Programs\Python\Python310\lib\site-packages\django\template\base.py", line 518, in parse
    raise self.error(token, e)
  File "C:\Users\nampally janusha\AppData\Local\Programs\Python\Python310\lib\site-packages\django\template\base.py", line 516, in parse
    compiled_result = compile_func(self, token)
  File "C:\Users\nampally janusha\AppData\Local\Programs\Python\Python310\lib\site-packages\django\template\loader_tags.py", line 234, in do_block
    nodelist = parser.parse(("endblock",))
  File "C:\Users\nampally janusha\AppData\Local\Programs\Python\Python310\lib\site-packages\django\template\base.py", line 518, in parse
    raise self.error(token, e)
  File "C:\Users\nampally janusha\AppData\Local\Programs\Python\Python310\lib\site-packages\django\template\base.py", line 516, in parse
    compiled_result = compile_func(self, token)
  File "C:\Users\nampally janusha\AppData\Local\Programs\Python\Python310\lib\site-packages\django\template\defaulttags.py", line 962, in do_if
    nodelist = parser.parse(("elif", "else", "endif"))
  File "C:\Users\nampally janusha\AppData\Local\Programs\Python\Python310\lib\site-packages\django\template\base.py", line 518, in parse
    raise self.error(token, e)
  File "C:\Users\nampally janusha\AppData\Local\Programs\Python\Python310\lib\site-packages\django\template\base.py", line 516, in parse
    compiled_result = compile_func(self, token)
  File "C:\Users\nampally janusha\AppData\Local\Programs\Python\Python310\lib\site-packages\django\template\defaulttags.py", line 862, in do_for
    nodelist_loop = parser.parse(
  File "C:\Users\nampally janusha\AppData\Local\Programs\Python\Python310\lib\site-packages\django\template\base.py", line 518, in parse
    raise self.error(token, e)
  File "C:\Users\nampally janusha\AppData\Local\Programs\Python\Python310\lib\site-packages\django\template\base.py", line 516, in parse
    compiled_result = compile_func(self, token)
  File "C:\Users\nampally janusha\AppData\Local\Programs\Python\Python310\lib\site-packages\django\template\defaulttags.py", line 962, in do_if
    nodelist = parser.parse(("elif", "else", "endif"))
  File "C:\Users\nampally janusha\AppData\Local\Programs\Python\Python310\lib\site-packages\django\template\base.py", line 489, in parse
    raise self.error(token, e)
  File "C:\Users\nampally janusha\AppData\Local\Programs\Python\Python310\lib\site-packages\django\template\base.py", line 487, in parse
    filter_expression = self.compile_filter(token.contents)
  File "C:\Users\nampally janusha\AppData\Local\Programs\Python\Python310\lib\site-packages\django\template\base.py", line 605, in compile_filter
    return FilterExpression(token, self)
  File "C:\Users\nampally janusha\AppData\Local\Programs\Python\Python310\lib\site-packages\django\template\base.py", line 701, in __init__
    filter_func = parser.find_filter(filter_name)
  File "C:\Users\nampally janusha\AppData\Local\Programs\Python\Python310\lib\site-packages\django\template\base.py", line 611, in find_filter
    raise TemplateSyntaxError("Invalid filter: '%s'" % filter_name)
django.template.exceptions.TemplateSyntaxError: Invalid filter: 'multiply'
ERROR 2026-03-30 23:14:31,251 basehttp 38644 33852 "GET /analytics/ HTTP/1.1" 500 336997
INFO 2026-03-30 23:14:33,858 basehttp 38644 33852 "GET /create/ HTTP/1.1" 200 12408
